<html>
<body>
<pre>
<h1>µVision Build Log</h1>
<h2>Project:</h2>
X:\_MIT\TIVAC\Multimetr\multimetr.uvproj
Project File Date:  01/15/2016

<h2>Output:</h2>
Build target 'Target 1'
linking...
Program Size: Code=2312 RO-data=652 RW-data=8 ZI-data=608  
".\multimetr.axf" - 0 Error(s), 0 Warning(s).
 warning, 0 errors
linking...
.\multimetr.axf: Error: L6200E: Symbol __ARM_use_no_argv multiply defined (by systick.o and multimetr.o).
.\multimetr.axf: Error: L6200E: Symbol main multiply defined (by systick.o and multimetr.o).
Not enough information to list image symbols.
Not enough information to list the image map.
Finished: 2 information, 0 warning and 2 error messages.
".\multimetr.axf" - 2 Error(s), 1 Warning(s).
Target not created
